
> shipany-template-two@1.2.0 build D:\AIsoftware\shipany_Digital Heirloom
> next build

node.exe : [baseline-browser-mapping] The data in this module is over two months old.  To ensure accurate Baseline data
, please update: `npm i baseline-browser-mapping@latest -D`
所在位置 C:\Users\honor\AppData\Roaming\npm\pnpm.ps1:24 字符: 5
+     & "node$exe"  "$basedir/node_modules/pnpm/bin/pnpm.cjs" $args
+     ~~~~~~~~~~~~~~~~~~~~~~~~~~~~~~~~~~~~~~~~~~~~~~~~~~~~~~~~~~~~~
    + CategoryInfo          : NotSpecified: ([baseline-brows...ping@latest -D`:String) [], RemoteException
    + FullyQualifiedErrorId : NativeCommandError
 
鈻?Next.js 16.1.0 (Turbopack)
- Environments: .env.local
- Experiments (use with caution):
  鉁?mdxRs

[MDX] updated map file in 78.73049999999967ms
  Creating an optimized production build ...
[baseline-browser-mapping] The data in this module is over two months old.  To ensure accurate Baseline data, please up
date: `npm i baseline-browser-mapping@latest -D`
[baseline-browser-mapping] The data in this module is over two months old.  To ensure accurate Baseline data, please up
date: `npm i baseline-browser-mapping@latest -D`
鉁?Compiled successfully in 44s
  Running TypeScript ...
  Collecting page data using 11 workers ...
[baseline-browser-mapping] The data in this module is over two months old.  To ensure accurate Baseline data, please up
date: `npm i baseline-browser-mapping@latest -D`
[baseline-browser-mapping] The data in this module is over two months old.  To ensure accurate Baseline data, please up
date: `npm i baseline-browser-mapping@latest -D`
[baseline-browser-mapping] The data in this module is over two months old.  To ensure accurate Baseline data, please up
date: `npm i baseline-browser-mapping@latest -D`
[baseline-browser-mapping] The data in this module is over two months old.  To ensure accurate Baseline data, please up
date: `npm i baseline-browser-mapping@latest -D`
[baseline-browser-mapping] The data in this module is over two months old.  To ensure accurate Baseline data, please up
date: `npm i baseline-browser-mapping@latest -D`
[baseline-browser-mapping] The data in this module is over two months old.  To ensure accurate Baseline data, please up
date: `npm i baseline-browser-mapping@latest -D`
[baseline-browser-mapping] The data in this module is over two months old.  To ensure accurate Baseline data, please up
date: `npm i baseline-browser-mapping@latest -D`
[baseline-browser-mapping] The data in this module is over two months old.  To ensure accurate Baseline data, please up
date: `npm i baseline-browser-mapping@latest -D`
[baseline-browser-mapping] The data in this module is over two months old.  To ensure accurate Baseline data, please up
date: `npm i baseline-browser-mapping@latest -D`
[baseline-browser-mapping] The data in this module is over two months old.  To ensure accurate Baseline data, please up
date: `npm i baseline-browser-mapping@latest -D`
[baseline-browser-mapping] The data in this module is over two months old.  To ensure accurate Baseline data, please up
date: `npm i baseline-browser-mapping@latest -D`
  Generating static pages using 11 workers (0/54) ...
  Generating static pages using 11 workers (13/54) 
  Generating static pages using 11 workers (26/54) 
  Generating static pages using 11 workers (40/54) 
鉁?Generating static pages using 11 workers (54/54) in 461.8ms
  Finalizing page optimization ...

Route (app)
鈹?茠 /_not-found
鈹?茠 /[locale]
鈹?茠 /[locale]/[slug]
鈹?茠 /[locale]/activity
鈹?茠 /[locale]/activity/feedbacks
鈹?茠 /[locale]/activity/media-tasks
鈹?茠 /[locale]/admin
鈹?茠 /[locale]/admin/apikeys
鈹?茠 /[locale]/admin/categories
鈹?茠 /[locale]/admin/categories/[id]/edit
鈹?茠 /[locale]/admin/categories/add
鈹?茠 /[locale]/admin/credits
鈹?茠 /[locale]/admin/digital-heirloom
鈹?茠 /[locale]/admin/digital-heirloom/alerts
鈹?茠 /[locale]/admin/digital-heirloom/compensations
鈹?茠 /[locale]/admin/digital-heirloom/costs
鈹?茠 /[locale]/admin/digital-heirloom/reports
鈹?茠 /[locale]/admin/digital-heirloom/security
鈹?茠 /[locale]/admin/digital-heirloom/vaults
鈹?茠 /[locale]/admin/no-permission
鈹?茠 /[locale]/admin/payments
鈹?茠 /[locale]/admin/permissions
鈹?茠 /[locale]/admin/posts
鈹?茠 /[locale]/admin/posts/[id]/edit
鈹?茠 /[locale]/admin/posts/add
鈹?茠 /[locale]/admin/roles
鈹?茠 /[locale]/admin/roles/[id]/edit
鈹?茠 /[locale]/admin/roles/[id]/edit-permissions
鈹?茠 /[locale]/admin/settings/[tab]
鈹?茠 /[locale]/admin/shipping-requests
鈹?茠 /[locale]/admin/subscriptions
鈹?茠 /[locale]/admin/users
鈹?茠 /[locale]/admin/users/[id]/edit
鈹?茠 /[locale]/admin/users/[id]/edit-roles
鈹?茠 /[locale]/ai-audio-generator
鈹?茠 /[locale]/ai-chatbot
鈹?茠 /[locale]/ai-image-generator
鈹?茠 /[locale]/ai-media-extractor
鈹?茠 /[locale]/ai-music-generator
鈹?茠 /[locale]/ai-video-generator
鈹?茠 /[locale]/blog
鈹?茠 /[locale]/blog/[slug]
鈹?茠 /[locale]/blog/category/[slug]
鈹?茠 /[locale]/digital-heirloom/beneficiaries
鈹?茠 /[locale]/digital-heirloom/beneficiaries/inheritance-center
鈹?茠 /[locale]/digital-heirloom/check-in
鈹?茠 /[locale]/digital-heirloom/dashboard
鈹?茠 /[locale]/digital-heirloom/print-recovery-kit
鈹?茠 /[locale]/digital-heirloom/settings
鈹?茠 /[locale]/digital-heirloom/setup/step-1-master-password
鈹?茠 /[locale]/digital-heirloom/setup/step-2-assets
鈹?茠 /[locale]/digital-heirloom/setup/step-3-beneficiaries
鈹?茠 /[locale]/digital-heirloom/setup/step-4-trigger
鈹?茠 /[locale]/digital-heirloom/vault
鈹?茠 /[locale]/docs/[[...slug]]
鈹?茠 /[locale]/inherit/[token]
鈹?茠 /[locale]/inherit/error
鈹?茠 /[locale]/no-permission
鈹?茠 /[locale]/pricing
鈹?茠 /[locale]/settings
鈹?茠 /[locale]/settings/apikeys
鈹?茠 /[locale]/settings/apikeys/[id]/delete
鈹?茠 /[locale]/settings/apikeys/[id]/edit
鈹?茠 /[locale]/settings/apikeys/create
鈹?茠 /[locale]/settings/billing
鈹?茠 /[locale]/settings/billing/cancel
鈹?茠 /[locale]/settings/billing/retrieve
鈹?茠 /[locale]/settings/credits
鈹?茠 /[locale]/settings/invoices/retrieve
鈹?茠 /[locale]/settings/payments
鈹?茠 /[locale]/settings/profile
鈹?茠 /[locale]/settings/security
鈹?茠 /[locale]/showcases
鈹?茠 /[locale]/sign-in
鈹?茠 /[locale]/sign-up
鈹?茠 /[locale]/solutions/[slug]
鈹?茠 /ads.txt
鈹?茠 /api/admin/digital-heirloom/alerts
鈹?茠 /api/admin/digital-heirloom/compensations
鈹?茠 /api/admin/digital-heirloom/costs
鈹?茠 /api/admin/digital-heirloom/reports
鈹?茠 /api/admin/digital-heirloom/security
鈹?茠 /api/admin/digital-heirloom/stats
鈹?茠 /api/admin/digital-heirloom/vaults
鈹?茠 /api/admin/digital-heirloom/vaults/[vaultId]/grant-compensation
鈹?茠 /api/admin/digital-heirloom/vaults/[vaultId]/pause
鈹?茠 /api/admin/digital-heirloom/vaults/[vaultId]/reset-heartbeat
鈹?茠 /api/admin/digital-heirloom/vaults/[vaultId]/trigger-now
鈹?茠 /api/admin/digital-heirloom/vaults/batch-compensate
鈹?茠 /api/admin/digital-heirloom/vaults/export
鈹?茠 /api/admin/shipping/confirm-ship
鈹?茠 /api/admin/shipping/list
鈹?茠 /api/admin/shipping/request-payment
鈹?茠 /api/auth/[...all]
鈹?茠 /api/config/get-configs
鈹?茠 /api/cron/cost-alerts-check
鈹?茠 /api/cron/dead-man-switch-check
鈹?茠 /api/cron/system-health-check
鈹?茠 /api/digital-heirloom/assets/blob-upload
鈹?茠 /api/digital-heirloom/assets/delete
鈹?茠 /api/digital-heirloom/assets/get
鈹?茠 /api/digital-heirloom/assets/list
鈹?茠 /api/digital-heirloom/assets/preview
鈹?茠 /api/digital-heirloom/assets/update
鈹?茠 /api/digital-heirloom/assets/upload
鈹?茠 /api/digital-heirloom/beneficiaries/add
鈹?茠 /api/digital-heirloom/beneficiaries/decrypt
鈹?茠 /api/digital-heirloom/beneficiaries/inheritance-center
鈹?茠 /api/digital-heirloom/beneficiaries/list
鈹?茠 /api/digital-heirloom/beneficiaries/remove
鈹?茠 /api/digital-heirloom/beneficiaries/verify-fragment
鈹?茠 /api/digital-heirloom/heartbeat/confirm
鈹?茠 /api/digital-heirloom/recovery-kit/print-data
鈹?茠 /api/digital-heirloom/release/request
鈹?茠 /api/digital-heirloom/release/verify
鈹?茠 /api/digital-heirloom/vault/create
鈹?茠 /api/digital-heirloom/vault/get
鈹?茠 /api/digital-heirloom/vault/heartbeat
鈹?茠 /api/digital-heirloom/vault/initialize
鈹?茠 /api/digital-heirloom/vault/trigger-inheritance
鈹?茠 /api/digital-heirloom/vault/update
鈹?茠 /api/docs/search
鈹?茠 /api/email/send-email
鈹?茠 /api/payment/callback
鈹?茠 /api/payment/checkout
鈹?茠 /api/payment/notify/[provider]
鈹?茠 /api/storage/upload-image
鈹?茠 /api/user/get-user-credits
鈹?茠 /api/user/get-user-info
鈹?茠 /api/user/grant-free-credits
鈹?鈼?/sitemap.xml


茠 Proxy (Middleware)

鈼? (Static)   prerendered as static content
茠  (Dynamic)  server-rendered on demand

